[1] "/mnt/bmh01-rds/Sperrin_CHARIOT_CPRD/alex/projectM1"
Found 7 .Rmd file(s). Knitting...

--- Knitting: sens_1_summarise_missingness_impact.Rmd ---


processing file: sens_1_summarise_missingness_impact.Rmd
1/14                  
2/14 [setup]          
3/14                  
4/14 [unnamed-chunk-1]
5/14                  
6/14 [unnamed-chunk-2]
7/14                  
8/14 [unnamed-chunk-3]
9/14                  
10/14 [unnamed-chunk-4]
11/14                  
12/14 [unnamed-chunk-5]
13/14                  
14/14 [unnamed-chunk-6]
output file: sens_1_summarise_missingness_impact.knit.md

/opt/gridware/apps/binapps/rstudio/0.98.1103/bin/pandoc/pandoc +RTS -K512m -RTS sens_1_summarise_missingness_impact.knit.md --to html4 --from markdown+autolink_bare_uris+tex_math_single_backslash --output sens_1_summarise_missingness_impact.html --self-contained --variable bs3=TRUE --section-divs --template /mnt/iusers01/ja01/mbrxsap3/R/x86_64-pc-linux-gnu-library/4.4/rmarkdown/rmd/h/default.html --no-highlight --variable highlightjs=1 --variable theme=bootstrap --mathjax --variable 'mathjax-url=https://mathjax.rstudio.com/latest/MathJax.js?config=TeX-AMS-MML_HTMLorMML' --include-in-header /tmp/RtmpNolBvt/rmarkdown-str1586c27d071981.html --filter /opt/gridware/apps/binapps/rstudio/0.98.1103/bin/pandoc/pandoc-citeproc 

Output created: sens_1_summarise_missingness_impact.html

--- Knitting: sens_2_treatment_effect_modified.Rmd ---


processing file: sens_2_treatment_effect_modified.Rmd
1/14                            
2/14 [setup]                    
3/14                            
4/14 [helper-functions]         
5/14                            
6/14 [preload-sensitivity-data] 
7/14                            
8/14 [overall-sensitivity]      
9/14                            
10/14 [cache stratified analyses]
11/14                            
12/14 [stratified-sensitivity]   
13/14                            
14/14 [session-info]             
 
Warning: The system is configured to read the RTC time in the local time zone.
         This mode cannot be fully supported. It will create various problems
         with time zone changes and daylight saving time adjustments. The RTC
         time is never updated, it relies on external facilities to maintain it.
         If at all possible, use RTC in UTC by calling
         'timedatectl set-local-rtc 0'.
output file: sens_2_treatment_effect_modified.knit.md

/opt/gridware/apps/binapps/rstudio/0.98.1103/bin/pandoc/pandoc +RTS -K512m -RTS sens_2_treatment_effect_modified.knit.md --to html4 --from markdown+autolink_bare_uris+tex_math_single_backslash --output sens_2_treatment_effect_modified.html --self-contained --variable bs3=TRUE --section-divs --table-of-contents --toc-depth 3 --variable toc_float=1 --variable toc_selectors=h1,h2,h3 --variable toc_collapsed=1 --variable toc_smooth_scroll=1 --variable toc_print=1 --template /mnt/iusers01/ja01/mbrxsap3/R/x86_64-pc-linux-gnu-library/4.4/rmarkdown/rmd/h/default.html --no-highlight --variable highlightjs=1 --number-sections --variable theme=bootstrap --mathjax --variable 'mathjax-url=https://mathjax.rstudio.com/latest/MathJax.js?config=TeX-AMS-MML_HTMLorMML' --include-in-header /tmp/RtmpNolBvt/rmarkdown-str1586c254dcfc56.html --variable code_folding=show --variable code_menu=1 

Output created: sens_2_treatment_effect_modified.html

--- Knitting: sens_3_validation_kvg.Rmd ---


processing file: sens_3_validation_kvg.Rmd
1/51                     
2/51 [setup]             
3/51                     
4/51 [unnamed-chunk-1]   
5/51                     
6/51 [unnamed-chunk-2]   
7/51                     
8/51 [unnamed-chunk-3]   
9/51                     
10/51 [unnamed-chunk-4]   
11/51                     
12/51 [unnamed-chunk-5]   
13/51                     
14/51 [unnamed-chunk-6]   
15/51                     
16/51 [unnamed-chunk-7]   
17/51                     
18/51 [unnamed-chunk-8]   
19/51                     
20/51 [unnamed-chunk-9]   
21/51                     
22/51 [unnamed-chunk-10]  
23/51                     
24/51 [unnamed-chunk-11]  
25/51                     
26/51 [unnamed-chunk-12]  
27/51                     
28/51 [unnamed-chunk-13]  
29/51                     
30/51 [unnamed-chunk-14]  
31/51                     
32/51 [unnamed-chunk-15]  
33/51                     
34/51 [unnamed-chunk-16]  
35/51                     
36/51 [unnamed-chunk-17]  
37/51                     
38/51 [unnamed-chunk-18]  
39/51                     
40/51 [unnamed-chunk-19]  
41/51                     
42/51 [unnamed-chunk-20]  
43/51                     
44/51 [rr-table]          
45/51                     
46/51 [ess-summary-table] 
47/51                     
48/51 [ess-by-stage]      
49/51                     
50/51 [weight-diagnostics]
51/51                     
output file: sens_3_validation_kvg.knit.md

/opt/gridware/apps/binapps/rstudio/0.98.1103/bin/pandoc/pandoc +RTS -K512m -RTS sens_3_validation_kvg.knit.md --to html4 --from markdown+autolink_bare_uris+tex_math_single_backslash --output sens_3_validation_kvg.html --self-contained --variable bs3=TRUE --section-divs --table-of-contents --toc-depth 3 --template /mnt/iusers01/ja01/mbrxsap3/R/x86_64-pc-linux-gnu-library/4.4/rmarkdown/rmd/h/default.html --no-highlight --variable highlightjs=1 --number-sections --variable theme=bootstrap --mathjax --variable 'mathjax-url=https://mathjax.rstudio.com/latest/MathJax.js?config=TeX-AMS-MML_HTMLorMML' --include-in-header /tmp/RtmpNolBvt/rmarkdown-str1586c234af1b29.html --filter /opt/gridware/apps/binapps/rstudio/0.98.1103/bin/pandoc/pandoc-citeproc 

Output created: sens_3_validation_kvg.html

--- Knitting: sens_3.1_kvg_simulations_to_verify_methods_for_assessing_calibration.Rmd ---


processing file: sens_3.1_kvg_simulations_to_verify_methods_for_assessing_calibration.Rmd
1/55                   
2/55 [setup]           
3/55                   
4/55 [unnamed-chunk-1] 
5/55                   
6/55 [unnamed-chunk-2] 
7/55                   
8/55 [unnamed-chunk-3] 
9/55                   
10/55 [unnamed-chunk-4] 
11/55                   
12/55 [unnamed-chunk-5] 
13/55                   
14/55 [unnamed-chunk-6] 
15/55                   
16/55 [unnamed-chunk-7] 
17/55                   
18/55 [unnamed-chunk-8] 
19/55                   
20/55 [unnamed-chunk-9] 
21/55                   
22/55 [unnamed-chunk-10]
23/55                   
24/55 [unnamed-chunk-11]
25/55                   
26/55 [unnamed-chunk-12]
27/55                   
28/55 [unnamed-chunk-13]
29/55                   
30/55 [unnamed-chunk-14]
31/55                   
32/55 [unnamed-chunk-15]
33/55                   
34/55 [unnamed-chunk-16]
35/55                   
36/55 [unnamed-chunk-17]
37/55                   
38/55 [unnamed-chunk-18]
39/55                   
40/55 [unnamed-chunk-19]
41/55                   
42/55 [unnamed-chunk-20]
43/55                   
44/55 [unnamed-chunk-21]
45/55                   
46/55 [unnamed-chunk-22]
47/55                   
48/55 [unnamed-chunk-23]
49/55                   
50/55 [unnamed-chunk-24]
51/55                   
52/55 [unnamed-chunk-25]
53/55                   
54/55 [unnamed-chunk-26]
55/55                   
output file: sens_3.1_kvg_simulations_to_verify_methods_for_assessing_calibration.knit.md

/opt/gridware/apps/binapps/rstudio/0.98.1103/bin/pandoc/pandoc +RTS -K512m -RTS sens_3.1_kvg_simulations_to_verify_methods_for_assessing_calibration.knit.md --to html4 --from markdown+autolink_bare_uris+tex_math_single_backslash --output sens_3.1_kvg_simulations_to_verify_methods_for_assessing_calibration.html --self-contained --variable bs3=TRUE --section-divs --template /mnt/iusers01/ja01/mbrxsap3/R/x86_64-pc-linux-gnu-library/4.4/rmarkdown/rmd/h/default.html --no-highlight --variable highlightjs=1 --number-sections --variable theme=bootstrap --mathjax --variable 'mathjax-url=https://mathjax.rstudio.com/latest/MathJax.js?config=TeX-AMS-MML_HTMLorMML' --include-in-header /tmp/RtmpNolBvt/rmarkdown-str1586c215e94c1e.html 

Output created: sens_3.1_kvg_simulations_to_verify_methods_for_assessing_calibration.html

--- Knitting: sens_3.2_kvg_validation_real_data.Rmd ---


processing file: sens_3.2_kvg_validation_real_data.Rmd
1/19                  
2/19 [setup]          
3/19                  
4/19 [unnamed-chunk-1]
5/19                  
6/19 [unnamed-chunk-2]
7/19                  
8/19 [unnamed-chunk-3]
9/19                  
10/19 [unnamed-chunk-4]
11/19                  
12/19 [unnamed-chunk-5]
13/19                  
14/19 [unnamed-chunk-6]
15/19                  
16/19 [unnamed-chunk-7]
17/19                  
18/19 [unnamed-chunk-8]
19/19                  
output file: sens_3.2_kvg_validation_real_data.knit.md

/opt/gridware/apps/binapps/rstudio/0.98.1103/bin/pandoc/pandoc +RTS -K512m -RTS sens_3.2_kvg_validation_real_data.knit.md --to html4 --from markdown+autolink_bare_uris+tex_math_single_backslash --output sens_3.2_kvg_validation_real_data.html --self-contained --variable bs3=TRUE --section-divs --template /mnt/iusers01/ja01/mbrxsap3/R/x86_64-pc-linux-gnu-library/4.4/rmarkdown/rmd/h/default.html --no-highlight --variable highlightjs=1 --variable theme=bootstrap --mathjax --variable 'mathjax-url=https://mathjax.rstudio.com/latest/MathJax.js?config=TeX-AMS-MML_HTMLorMML' --include-in-header /tmp/RtmpNolBvt/rmarkdown-str1586c253118614.html 

Output created: sens_3.2_kvg_validation_real_data.html

--- Knitting: sens_3.3_kvg_estimate_intervention_effects.Rmd ---


processing file: sens_3.3_kvg_estimate_intervention_effects.Rmd
1/11                     
2/11 [setup]             
3/11                     
4/11 [rr-table]          
5/11                     
6/11 [ess-summary-table] 
7/11                     
8/11 [ess-by-stage]      
9/11                     
10/11 [weight-diagnostics]
11/11                     
output file: sens_3.3_kvg_estimate_intervention_effects.knit.md

/opt/gridware/apps/binapps/rstudio/0.98.1103/bin/pandoc/pandoc +RTS -K512m -RTS sens_3.3_kvg_estimate_intervention_effects.knit.md --to html4 --from markdown+autolink_bare_uris+tex_math_single_backslash --output sens_3.3_kvg_estimate_intervention_effects.html --self-contained --variable bs3=TRUE --section-divs --table-of-contents --toc-depth 3 --variable toc_float=1 --variable toc_selectors=h1,h2,h3 --variable toc_collapsed=1 --variable toc_smooth_scroll=1 --variable toc_print=1 --template /mnt/iusers01/ja01/mbrxsap3/R/x86_64-pc-linux-gnu-library/4.4/rmarkdown/rmd/h/default.html --highlight-style tango --variable theme=flatly --mathjax --variable 'mathjax-url=https://mathjax.rstudio.com/latest/MathJax.js?config=TeX-AMS-MML_HTMLorMML' --include-in-header /tmp/RtmpNolBvt/rmarkdown-str1586c26056ec6b.html 

Output created: sens_3.3_kvg_estimate_intervention_effects.html

--- Knitting: sens_4_statins_direct_effect.Rmd ---


processing file: sens_4_statins_direct_effect.Rmd
1/10                   
2/10 [setup]           
3/10                   
4/10 [helper-functions]
5/10                   
6/10 [unnamed-chunk-1] 
7/10                   
8/10 [unnamed-chunk-2] 
9/10                   
10/10 [unnamed-chunk-3] 
output file: sens_4_statins_direct_effect.knit.md

/opt/gridware/apps/binapps/rstudio/0.98.1103/bin/pandoc/pandoc +RTS -K512m -RTS sens_4_statins_direct_effect.knit.md --to html4 --from markdown+autolink_bare_uris+tex_math_single_backslash --output sens_4_statins_direct_effect.html --self-contained --variable bs3=TRUE --section-divs --template /mnt/iusers01/ja01/mbrxsap3/R/x86_64-pc-linux-gnu-library/4.4/rmarkdown/rmd/h/default.html --no-highlight --variable highlightjs=1 --variable theme=bootstrap --mathjax --variable 'mathjax-url=https://mathjax.rstudio.com/latest/MathJax.js?config=TeX-AMS-MML_HTMLorMML' --include-in-header /tmp/RtmpNolBvt/rmarkdown-str1586c2309556c5.html --filter /opt/gridware/apps/binapps/rstudio/0.98.1103/bin/pandoc/pandoc-citeproc 

Output created: sens_4_statins_direct_effect.html

Done.
Warning messages:
1: In grid.Call.graphics(C_points, x$x, x$y, x$pch, x$size) :
  semi-transparency is not supported on this device: reported only once per page
2: In grid.Call.graphics(C_points, x$x, x$y, x$pch, x$size) :
  semi-transparency is not supported on this device: reported only once per page
