[1] "2026-06-23 15:46:51 BST"
[1] "/mnt/bmh01-rds/Sperrin_CHARIOT_CPRD/alex/projectM1"
Loading required package: iterators
Loading required package: parallel
Loading required package: future

Attaching package: ‘future’

The following object is masked from ‘package:survival’:

    cluster

        R/db_query.R R/functions_calibration_weighted_OLD.R
value   ?            ?                                     
visible FALSE        FALSE                                 
        R/functions_calibration_weighted.R R/functions.R
value   ?                                  ?            
visible FALSE                              FALSE        
[1] "gender =  2"
[1] "missing indicator =  0 2026-06-23 15:47:47.157749"
[1] "PH 2026-06-23 15:47:47.7349"
[1] "PH boot 2026-06-23 15:48:12.948192"
[1] "KM group 2026-06-23 18:27:02.135823"
[1] "ICI =  0.00160277062564767"
[1] "E50 =  0.00054445230432365"
[1] "E90 =  0.00220844808233822"
       index   concordant   comparable    tied_risk  index_lower  index_upper 
8.727667e-01 6.935851e+09 7.946970e+09 3.000000e+00 8.727594e-01 8.727740e-01 
[1] "missing indicator =  1 2026-06-23 18:27:51.440964"
[1] "PH 2026-06-23 18:27:51.62038"
[1] "PH boot 2026-06-23 18:27:57.396277"
[1] "KM group 2026-06-23 19:13:15.805559"
[1] "ICI =  0.00219501621824722"
[1] "E50 =  0.000898802416650857"
[1] "E90 =  0.0059810964194672"
       index   concordant   comparable    tied_risk  index_lower  index_upper 
8.928592e-01 8.452573e+08 9.466860e+08 0.000000e+00 8.928395e-01 8.928789e-01 
[1] "gender =  1"
[1] "missing indicator =  0 2026-06-23 19:14:05.258333"
[1] "PH 2026-06-23 19:14:05.365915"
[1] "PH boot 2026-06-23 19:14:18.634255"
[1] "KM group 2026-06-23 21:06:05.269955"
[1] "ICI =  0.00295680183290628"
[1] "E50 =  0.00102310797879296"
[1] "E90 =  0.00557619402254139"
       index   concordant   comparable    tied_risk  index_lower  index_upper 
8.315513e-01 6.622553e+09 7.964094e+09 4.000000e+00 8.315431e-01 8.315595e-01 
[1] "missing indicator =  1 2026-06-23 21:06:48.879862"
[1] "PH 2026-06-23 21:06:49.008376"
[1] "PH boot 2026-06-23 21:06:59.468416"
[1] "KM group 2026-06-23 22:32:00.918"
[1] "ICI =  0.00236877255499567"
[1] "E50 =  0.00102037324278487"
[1] "E90 =  0.00654975592721946"
       index   concordant   comparable    tied_risk  index_lower  index_upper 
8.944528e-01 2.402747e+09 2.686276e+09 0.000000e+00 8.944412e-01 8.944644e-01 
There were 11 warnings (use warnings() to see them)
[1] "FINISHED 2026-06-23 22:32:20.195191"
Warning messages:
1: Removed 3 rows containing missing values or values outside the scale range
(`geom_line()`).
2: Removed 3 rows containing missing values or values outside the scale range
(`geom_point()`).
3: Removed 12 rows containing missing values or values outside the scale range
(`geom_line()`).
4: Removed 12 rows containing missing values or values outside the scale range
(`geom_point()`).
5: Removed 1 row containing missing values or values outside the scale range
(`geom_line()`).
6: Removed 1 row containing missing values or values outside the scale range
(`geom_point()`).
7: In coxph.fit(X, Y, istrat, offset, init, control, weights = weights,  ... :
  Loglik converged before variable  3 ; coefficient may be infinite. 
8: In coxph.fit(X, Y, istrat, offset, init, control, weights = weights,  ... :
  Loglik converged before variable  2 ; coefficient may be infinite. 
9: In coxph.fit(X, Y, istrat, offset, init, control, weights = weights,  ... :
  Loglik converged before variable  2 ; coefficient may be infinite. 
10: Removed 2 rows containing missing values or values outside the scale range
(`geom_line()`).
11: Removed 2 rows containing missing values or values outside the scale range
(`geom_point()`).
